I'm sorry, but errors were detected in your script. Please correct the
errors listed below, and try again.


File "game/script.rpy", line 84: Line is followed by a block, despite not being a menu choice. Did you forget a colon at the end of the line?
    "Tak."
          ^

Ren'Py Version: Ren'Py 7.2.0.424
Wed Apr 03 22:15:27 2019
